// Jest Snapshot v1, https://goo.gl/fbAQLP

exports[`renders correctly 1`] = `
<div
  className=" w-full md:w-2/3 mx-auto rounded-lg p-2 flex flex-col md:flex-row"
>
  <div>
    <div
      className="flex flex-wrap justify-between "
    >
      <div
        className="flex flex-col mr-13"
      >
        <div
          className="mb-4"
        >
          <h4
            className="font-sans font-semibold text-black-100 mb-2"
          />
          <p
            className="text-black-50"
            dangerouslySetInnerHTML={
              Object {
                "__html": undefined,
              }
            }
          />
        </div>
        <input
          className="!rounded-md !border-2 !border-black-100 !bg-white w-80 "
          id="location"
          name="Location name"
          onChange={[Function]}
          type="text"
          value=""
        />
        <div />
      </div>
      <div
        className="w-full md:w-1/2 flex flex-col justify-between"
      >
        <div
          className="flex flex-col mb-4"
        >
          <label
            className="text-6xl md:text-6xl font-semibold mb-2 text-black-100"
            htmlFor="location"
          >
            Some label
          </label>
          <a
            className="!text-secondary-400"
            href="#"
            onClick={[Function]}
          />
        </div>
      </div>
    </div>
    <div
      className="flex flex-col md:flex-row items-center justify-center md:justify-between mb-6"
    >
      <div
        className="w-full md:w-auto md:mr-2 mb-2 md:mb-0 md:flex-1 md:mr-0"
      >
        <input
          className="!rounded-md !border-2 !border-black-100 !bg-white w-full px-1"
          id="address"
          name="address"
          onChange={[Function]}
          type="text"
          value=""
        />
      </div>
      <div
        className="w-full md:w-auto md:mr-1"
      >
        <div
          className="relative"
        >
          <input
            className="!w-full !rounded-md !border-black-100 !bg-white !border-2 pl-8"
            onChange={[Function]}
            type="time"
          />
          <label
            className="absolute top-0 left-0 px-1 text-black-50"
            htmlFor="time"
            style={
              Object {
                "top": "30%",
                "transform": "translateY(-50%)",
              }
            }
          />
        </div>
      </div>
      <div
        className="w-full md:w-auto md:mr-2"
      >
        <div
          className="relative"
        >
          <input
            className="block w-full !rounded-md !border-black-100 !bg-white !border-2 pl-8"
            id="date"
            onChange={[Function]}
            type="date"
          />
          <label
            className="absolute top-0 left-0 px-1 text-black-50"
            htmlFor="date"
          />
        </div>
      </div>
    </div>
    <div>
      <h2
        className="text-black-100 font-sans font-semibold text-xl"
      />
      <p
        className="text-black-50 mt-1"
      />
    </div>
    <div
      className="md:flex md:justify-between"
    >
      <div
        className="mt-10 "
      >
        <div
          className="flex flex-wrap items-center justify-center overflow-hidden lg:ml-8 lg:mr-8 lg:flex-row lg:flex-wrap lg:items-center lg:justify-center"
        >
          <div
            className="w-[33%] flex justify-center lg:py-3 lg:px-3 md:py-2 md:px-2 py-1 px-1 "
          >
            <button
              className="button__ButtonWrapper-sc-1aw98b4-0 button  w-full lg:h-18 h-16 px-1 transition bg-white !border-2 !rounded-lg !shadow-[2px_2px_#1A1A1A]"
              disabled={false}
              onClick={[Function]}
            >
              <div
                className="relative flex items-center justify-center "
              >
                <p
                  className="block w-max font-semibold text-gray-900 text-xs py-1 "
                >
                  no_poverty
                </p>
              </div>
            </button>
          </div>
          <div
            className="w-[33%] flex justify-center lg:py-3 lg:px-3 md:py-2 md:px-2 py-1 px-1 "
          >
            <button
              className="button__ButtonWrapper-sc-1aw98b4-0 button  w-full lg:h-18 h-16 px-1 transition bg-white !border-2 !rounded-lg !shadow-[2px_2px_#1A1A1A]"
              disabled={false}
              onClick={[Function]}
            >
              <div
                className="relative flex items-center justify-center "
              >
                <p
                  className="block w-max font-semibold text-gray-900 text-xs py-1 "
                >
                  zero_hunger
                </p>
              </div>
            </button>
          </div>
          <div
            className="w-[33%] flex justify-center lg:py-3 lg:px-3 md:py-2 md:px-2 py-1 px-1 "
          >
            <button
              className="button__ButtonWrapper-sc-1aw98b4-0 button  w-full lg:h-18 h-16 px-1 transition bg-white !border-2 !rounded-lg !shadow-[2px_2px_#1A1A1A]"
              disabled={false}
              onClick={[Function]}
            >
              <div
                className="relative flex items-center justify-center "
              >
                <p
                  className="block w-max font-semibold text-gray-900 text-xs py-1 "
                >
                  good_health
                </p>
              </div>
            </button>
          </div>
          <div
            className="w-[33%] flex justify-center lg:py-3 lg:px-3 md:py-2 md:px-2 py-1 px-1 "
          >
            <button
              className="button__ButtonWrapper-sc-1aw98b4-0 button  w-full lg:h-18 h-16 px-1 transition bg-white !border-2 !rounded-lg !shadow-[2px_2px_#1A1A1A]"
              disabled={false}
              onClick={[Function]}
            >
              <div
                className="relative flex items-center justify-center "
              >
                <p
                  className="block w-max font-semibold text-gray-900 text-xs py-1 "
                >
                  quality_education
                </p>
              </div>
            </button>
          </div>
          <div
            className="w-[33%] flex justify-center lg:py-3 lg:px-3 md:py-2 md:px-2 py-1 px-1 "
          >
            <button
              className="button__ButtonWrapper-sc-1aw98b4-0 button  w-full lg:h-18 h-16 px-1 transition bg-white !border-2 !rounded-lg !shadow-[2px_2px_#1A1A1A]"
              disabled={false}
              onClick={[Function]}
            >
              <div
                className="relative flex items-center justify-center "
              >
                <p
                  className="block w-max font-semibold text-gray-900 text-xs py-1 "
                >
                  gender_equality
                </p>
              </div>
            </button>
          </div>
          <div
            className="w-[33%] flex justify-center lg:py-3 lg:px-3 md:py-2 md:px-2 py-1 px-1 "
          >
            <button
              className="button__ButtonWrapper-sc-1aw98b4-0 button  w-full lg:h-18 h-16 px-1 transition bg-white !border-2 !rounded-lg !shadow-[2px_2px_#1A1A1A]"
              disabled={false}
              onClick={[Function]}
            >
              <div
                className="relative flex items-center justify-center "
              >
                <p
                  className="block w-max font-semibold text-gray-900 text-xs py-1 "
                >
                  clean_water
                </p>
              </div>
            </button>
          </div>
          <div
            className="w-[33%] flex justify-center lg:py-3 lg:px-3 md:py-2 md:px-2 py-1 px-1 "
          >
            <button
              className="button__ButtonWrapper-sc-1aw98b4-0 button  w-full lg:h-18 h-16 px-1 transition bg-white !border-2 !rounded-lg !shadow-[2px_2px_#1A1A1A]"
              disabled={false}
              onClick={[Function]}
            >
              <div
                className="relative flex items-center justify-center "
              >
                <p
                  className="block w-max font-semibold text-gray-900 text-xs py-1 "
                >
                  affordable_energy
                </p>
              </div>
            </button>
          </div>
          <div
            className="w-[33%] flex justify-center lg:py-3 lg:px-3 md:py-2 md:px-2 py-1 px-1 "
          >
            <button
              className="button__ButtonWrapper-sc-1aw98b4-0 button  w-full lg:h-18 h-16 px-1 transition bg-white !border-2 !rounded-lg !shadow-[2px_2px_#1A1A1A]"
              disabled={false}
              onClick={[Function]}
            >
              <div
                className="relative flex items-center justify-center "
              >
                <p
                  className="block w-max font-semibold text-gray-900 text-xs py-1 "
                >
                  decent_work
                </p>
              </div>
            </button>
          </div>
          <div
            className="w-[33%] flex justify-center lg:py-3 lg:px-3 md:py-2 md:px-2 py-1 px-1 "
          >
            <button
              className="button__ButtonWrapper-sc-1aw98b4-0 button  w-full lg:h-18 h-16 px-1 transition bg-white !border-2 !rounded-lg !shadow-[2px_2px_#1A1A1A]"
              disabled={false}
              onClick={[Function]}
            >
              <div
                className="relative flex items-center justify-center "
              >
                <p
                  className="block w-max font-semibold text-gray-900 text-xs py-1 "
                >
                  innovation
                </p>
              </div>
            </button>
          </div>
          <div
            className="w-[33%] flex justify-center lg:py-3 lg:px-3 md:py-2 md:px-2 py-1 px-1 "
          >
            <button
              className="button__ButtonWrapper-sc-1aw98b4-0 button  w-full lg:h-18 h-16 px-1 transition bg-white !border-2 !rounded-lg !shadow-[2px_2px_#1A1A1A]"
              disabled={false}
              onClick={[Function]}
            >
              <div
                className="relative flex items-center justify-center "
              >
                <p
                  className="block w-max font-semibold text-gray-900 text-xs py-1 "
                >
                  reduced_inequalities
                </p>
              </div>
            </button>
          </div>
          <div
            className="w-[33%] flex justify-center lg:py-3 lg:px-3 md:py-2 md:px-2 py-1 px-1 "
          >
            <button
              className="button__ButtonWrapper-sc-1aw98b4-0 button  w-full lg:h-18 h-16 px-1 transition bg-white !border-2 !rounded-lg !shadow-[2px_2px_#1A1A1A]"
              disabled={false}
              onClick={[Function]}
            >
              <div
                className="relative flex items-center justify-center "
              >
                <p
                  className="block w-max font-semibold text-gray-900 text-xs py-1 "
                >
                  sustainable_cities
                </p>
              </div>
            </button>
          </div>
          <div
            className="w-[33%] flex justify-center lg:py-3 lg:px-3 md:py-2 md:px-2 py-1 px-1 "
          >
            <button
              className="button__ButtonWrapper-sc-1aw98b4-0 button  w-full lg:h-18 h-16 px-1 transition bg-white !border-2 !rounded-lg !shadow-[2px_2px_#1A1A1A]"
              disabled={false}
              onClick={[Function]}
            >
              <div
                className="relative flex items-center justify-center "
              >
                <p
                  className="block w-max font-semibold text-gray-900 text-xs py-1 "
                >
                  responsible_consumption
                </p>
              </div>
            </button>
          </div>
          <div
            className="w-[33%] flex justify-center lg:py-3 lg:px-3 md:py-2 md:px-2 py-1 px-1 "
          >
            <button
              className="button__ButtonWrapper-sc-1aw98b4-0 button  w-full lg:h-18 h-16 px-1 transition bg-white !border-2 !rounded-lg !shadow-[2px_2px_#1A1A1A]"
              disabled={false}
              onClick={[Function]}
            >
              <div
                className="relative flex items-center justify-center "
              >
                <p
                  className="block w-max font-semibold text-gray-900 text-xs py-1 "
                >
                  climate_action
                </p>
              </div>
            </button>
          </div>
          <div
            className="w-[33%] flex justify-center lg:py-3 lg:px-3 md:py-2 md:px-2 py-1 px-1 "
          >
            <button
              className="button__ButtonWrapper-sc-1aw98b4-0 button  w-full lg:h-18 h-16 px-1 transition bg-white !border-2 !rounded-lg !shadow-[2px_2px_#1A1A1A]"
              disabled={false}
              onClick={[Function]}
            >
              <div
                className="relative flex items-center justify-center "
              >
                <p
                  className="block w-max font-semibold text-gray-900 text-xs py-1 "
                >
                  life_below_water
                </p>
              </div>
            </button>
          </div>
          <div
            className="w-[33%] flex justify-center lg:py-3 lg:px-3 md:py-2 md:px-2 py-1 px-1 "
          >
            <button
              className="button__ButtonWrapper-sc-1aw98b4-0 button  w-full lg:h-18 h-16 px-1 transition bg-white !border-2 !rounded-lg !shadow-[2px_2px_#1A1A1A]"
              disabled={false}
              onClick={[Function]}
            >
              <div
                className="relative flex items-center justify-center "
              >
                <p
                  className="block w-max font-semibold text-gray-900 text-xs py-1 "
                >
                  life_on_land
                </p>
              </div>
            </button>
          </div>
          <div
            className="w-[33%] flex justify-center lg:py-3 lg:px-3 md:py-2 md:px-2 py-1 px-1 "
          >
            <button
              className="button__ButtonWrapper-sc-1aw98b4-0 button  w-full lg:h-18 h-16 px-1 transition bg-white !border-2 !rounded-lg !shadow-[2px_2px_#1A1A1A]"
              disabled={false}
              onClick={[Function]}
            >
              <div
                className="relative flex items-center justify-center "
              >
                <p
                  className="block w-max font-semibold text-gray-900 text-xs py-1 "
                >
                  peace_justice
                </p>
              </div>
            </button>
          </div>
        </div>
      </div>
    </div>
    <div
      className="mb-2 flex flex-col gap-10 py-3 md:flex-row md:justify-between "
    >
      <div
        className="w-full"
      >
        <h2
          className="py-1 text-xl text-black-100 font-sans font-semibold"
        />
        <p
          className="my-1 text-black-50 md:w-full"
        />
        <div
          className="max-w-screen-xl mx-auto"
        >
          <div
            className="py-5 md:max-w-96 lg:max-w-128 "
          >
            <input
              className="!w-full md:w-96 !rounded !border-2 !border-black-100  !bg-white"
              id="title"
              name="title"
              onChange={[Function]}
              type="text"
              value=""
            />
          </div>
        </div>
      </div>
    </div>
    <div
      className="py-2 mb-4 flex flex-col md:flex-row md:justify-between gap-10"
    >
      <div
        className="w-full"
      >
        <h2
          className="text-xl py-1 text-black-100 font-sans font-semibold"
        />
        <p
          className="my-1 text-black-50"
        />
        <textarea
          className="!w-full !h-40  !rounded  !border-2 !border-black-100  !bg-white"
          name="description"
          onChange={[Function]}
          value=""
        />
      </div>
    </div>
    <div
      className="py-2 pr-4 md:pr-1 mb-4 md:flex md:flex-row md:justify-between md:flex-wrap"
    >
      <div
        className="w-full md:w-2/2"
      >
        <h2
          className="text-xl text-black-100 font-sans font-semibold py-1"
        />
        <p
          className="text-black-50 my-1"
        />
      </div>
      <div
        className="w-full md:w-1/2"
      >
        <div
          className="relative py-2"
        >
          <input
            accept="image/x-png,image/gif,image/jpeg"
            className="!w-full  !rounded  !border-2 !border-black-100  !bg-white top-0 left-0  px-1"
            name="image"
            onChange={[Function]}
            type="file"
          />
        </div>
      </div>
    </div>
    <div
      className="mb-3 flex flex-col gap-5 md:flex-row md:justify-between flex-grow"
    >
      <div>
        <h2
          className="py-2 text-2xl font-semibold text-black-100 font-sans"
        />
        <p
          className="my-2 w-full text-black-50"
        />
        <ul
          className="my-1 w-full list-disc pl-5 !text-black-100"
        >
          <li />
          <li />
          <li />
        </ul>
        <p
          className="my-1 text-black-50"
        >
          <a
            className="p-1 !text-secondary-400"
            href="#"
          />
        </p>
      </div>
    </div>
    <div
      className="mb-4 flex w-full flex-col items-center justify-center gap-10 py-3"
    >
      <button
        className="rounded border border-b-4 border-r-4 border-opacity-100 border-gray-700 shadow-black py-4 px-4 md:w-96 p-4 text-black-100 font-sans font-semibold hover:bg-primary-200"
        onClick={[Function]}
      />
    </div>
  </div>
</div>
`;
