// Jest Snapshot v1, https://goo.gl/fbAQLP

exports[`renders correctly 1`] = `
<input
  className="!rounded-md !border-2 !border-black-100 p-2 !bg-white"
  type="text"
/>
`;
