// Jest Snapshot v1, https://goo.gl/fbAQLP

exports[`renders correctly 1`] = `
<button
  className="button__ButtonWrapper-sc-1aw98b4-0 button !rounded-none !text-black-100 !bg-transparent !shadow-none after:content-[url(\\"/arrow.svg\\")] after:mt-[1px] ltr:after:ml-4 after:absolute rtl:after:rotate-180 rtl:after:mr-4"
  disabled={false}
/>
`;
