// Jest Snapshot v1, https://goo.gl/fbAQLP

exports[`renders correctly 1`] = `
<h2
  className="text-center text-black-100 text-4xl font-sans undefined"
/>
`;
