// Jest Snapshot v1, https://goo.gl/fbAQLP

exports[`renders correctly 1`] = `
<div
  class="order-2 lg:w-1/3 w-full lg:ml-12 py-8"
>
  <h2
    className="text-2xl font-semibold mb-2 "
  >
    Attendees:
  </h2>
  <div
    className="flex flex-wrap lg:justify-start"
  >
    <div
      className="py-2 w-1/3 md:w-1/6 lg:w-1/4"
    >
      <div
        className="flex items-center justify-center w-16 h-16 rounded-full bg-black-100 text-white text-md font-bold mb-1"
      >
        <span>
          S
        </span>
      </div>
      <p
        className="text-sm font-semibold"
      >
        Sufyan
      </p>
    </div>
    <div
      className="py-2 w-1/3 md:w-1/6 lg:w-1/4"
    >
      <div
        className="flex items-center justify-center w-16 h-16 rounded-full bg-black-100 text-white text-md font-bold mb-1"
      >
        <span>
          A
        </span>
      </div>
      <p
        className="text-sm font-semibold"
      >
        Adeeb
      </p>
    </div>
    <div
      className="py-2 w-1/3 md:w-1/6 lg:w-1/4"
    >
      <div
        className="flex items-center justify-center w-16 h-16 rounded-full bg-black-100 text-white text-md font-bold mb-1"
      >
        <span>
          A
        </span>
      </div>
      <p
        className="text-sm font-semibold"
      >
        Abdullah
      </p>
    </div>
    <div
      className="py-2 w-1/3 md:w-1/6 lg:w-1/4"
    >
      <div
        className="flex items-center justify-center w-16 h-16 rounded-full bg-black-100 text-white text-md font-bold mb-1"
      >
        <span>
          A
        </span>
      </div>
      <p
        className="text-sm font-semibold"
      >
        Azzam
      </p>
    </div>
    <div
      className="py-2 w-1/3 md:w-1/6 lg:w-1/4"
    >
      <div
        className="flex items-center justify-center w-16 h-16 rounded-full bg-black-100 text-white text-md font-bold mb-1"
      >
        <span>
          H
        </span>
      </div>
      <p
        className="text-sm font-semibold"
      >
        Hamad
      </p>
    </div>
  </div>
</div>
`;
