// Jest Snapshot v1, https://goo.gl/fbAQLP

exports[`renders correctly 1`] = `
<div
  className=" w-1/3 flex justify-center lg:py-3 lg:px-3 md:py-2 md:px-2 sm:py-1 sm:px-2  "
>
  <button
    className="button__ButtonWrapper-sc-1aw98b4-0 button w-full h-16 px-1 transition "
    disabled={false}
    style={
      Object {
        "backgroundColor": "white",
        "border": "2px solid black",
        "borderRadius": "0.5rem",
        "boxShadow": "2px 2px #1a1a1a",
      }
    }
  >
    <div
      className="relative flex items-center space-x-4 justify-center"
    >
      <span
        className="block w-max font-semibold tracking-wide text-gray-900 sm:text-base text-sm md:text-lg lg:text-xl "
      />
    </div>
  </button>
</div>
`;
