// Jest Snapshot v1, https://goo.gl/fbAQLP

exports[`renders correctly 1`] = `
<div
  className="border-2 rounded-lg overflow-hidden h-28 w-48 lg:h-40 lg:w-64 sm:h-36 sm:w-58"
>
  <img
    alt="Card image"
    className="object-fill h-28 w-48 lg:h-40 lg:w-64 sm:h-36 sm:w-58"
  />
</div>
`;
