// Jest Snapshot v1, https://goo.gl/fbAQLP

exports[`renders correctly 1`] = `
<div
  className="flex items-center"
>
  <span
    className="ml-2"
  >
    Invalid Date
  </span>
</div>
`;
