// Jest Snapshot v1, https://goo.gl/fbAQLP

exports[`renders correctly 1`] = `
<p
  className="text-sm"
>
  <span
    className="hidden sm:inline"
  >
    undefined...
  </span>
  <span
    className="inline sm:hidden"
  >
    undefined...
  </span>
</p>
`;
