// Jest Snapshot v1, https://goo.gl/fbAQLP

exports[`renders correctly 1`] = `
<div
  className="order-1 w-full lg:w-1/2 flex-shrink-0"
>
  <img
    alt="Sitting or a rock"
    className=" mx-auto  mt-16"
    data-nimg="1"
    decoding="async"
    height={572}
    id="sitting-img"
    onError={[Function]}
    onLoad={[Function]}
    src="/_next/image?url=%2Fimg.jpg&w=1920&q=75"
    srcSet="/_next/image?url=%2Fimg.jpg&w=750&q=75 1x, /_next/image?url=%2Fimg.jpg&w=1920&q=75 2x"
    style={
      Object {
        "color": "transparent",
      }
    }
    width={720}
  />
</div>
`;
