// Jest Snapshot v1, https://goo.gl/fbAQLP

exports[`renders correctly 1`] = `
<footer
  className="h-[180px] bg-primary-200 min-w-full absolute"
>
  <div
    className="container mx-auto flex flex-col md:flex-row items-center min-h-full justify-between"
  >
    <img
      alt="PebbleWork Logo"
      className="h-[32.32px] w-p[100.75px] md:h-[69.13px] md:w-[215.44px] mr-1 flex-1 md:flex-none"
      data-nimg="1"
      decoding="async"
      height={40}
      onError={[Function]}
      onLoad={[Function]}
      src="/_next/image?url=%2Fimg.jpg&w=96&q=75"
      srcSet="/_next/image?url=%2Fimg.jpg&w=48&q=75 1x, /_next/image?url=%2Fimg.jpg&w=96&q=75 2x"
      style={
        Object {
          "color": "transparent",
        }
      }
      width={40}
    />
    <div
      className="flex flex-col gap-y-4"
    >
      <div
        className="flex justify-center gap-x-12"
      >
        <a
          className="font-extrabold"
          href="/events"
          onClick={[Function]}
          onMouseEnter={[Function]}
          onTouchStart={[Function]}
          style={
            Object {
              "color": "black",
            }
          }
        >
          Event
        </a>
        <a
          className="font-extrabold"
          href="/about"
          onClick={[Function]}
          onMouseEnter={[Function]}
          onTouchStart={[Function]}
          style={
            Object {
              "color": "black",
            }
          }
        >
          About
        </a>
        <a
          className="font-extrabold"
          href="#how_it_works"
          onClick={[Function]}
          onMouseEnter={[Function]}
          onTouchStart={[Function]}
          style={
            Object {
              "color": "black",
            }
          }
        >
          How it works
        </a>
      </div>
      <div
        className="text-center"
      >
        <p>
          Made with â™¥ by Web Wizards
        </p>
      </div>
    </div>
    <div>
      <div
        className="flex gap-7 md:mr-24"
      >
        <a
          href="/api/facebook"
          onClick={[Function]}
          onMouseEnter={[Function]}
          onTouchStart={[Function]}
        >
          <svg
            fill="none"
            height="22"
            viewBox="0 0 22 22"
            width="22"
            xmlns="http://www.w3.org/2000/svg"
          >
            <path
              d="M0 11.0267C0 4.93684 4.92487 0 11 0C17.0751 0 22 4.93684 22 11.0267C22 16.7478 17.6536 21.4512 12.0904 22C12.1201 21.9948 12.1499 21.9892 12.1796 21.9832V14.1921H15.0394L15.4673 10.8638H12.1796V8.73875C12.1796 7.77507 12.4464 7.11854 13.825 7.11854L15.5831 7.11767V4.1409C15.279 4.10021 14.2355 4.00973 13.0212 4.00973C10.4864 4.00973 8.7508 5.56067 8.7508 8.4093V10.8638H5.88369V14.1921H8.7508V21.8228C3.75441 20.7821 0 16.344 0 11.0267Z"
              fill="#1A1A1A"
            />
          </svg>
        </a>
        <a
          href="/api/facebook"
          onClick={[Function]}
          onMouseEnter={[Function]}
          onTouchStart={[Function]}
        >
          <svg
            fill="none"
            height="22"
            viewBox="0 0 22 22"
            width="22"
            xmlns="http://www.w3.org/2000/svg"
          >
            <path
              d="M0 11.0267C0 4.93684 4.92487 0 11 0C17.0751 0 22 4.93684 22 11.0267C22 16.7478 17.6536 21.4512 12.0904 22C12.1201 21.9948 12.1499 21.9892 12.1796 21.9832V14.1921H15.0394L15.4673 10.8638H12.1796V8.73875C12.1796 7.77507 12.4464 7.11854 13.825 7.11854L15.5831 7.11767V4.1409C15.279 4.10021 14.2355 4.00973 13.0212 4.00973C10.4864 4.00973 8.7508 5.56067 8.7508 8.4093V10.8638H5.88369V14.1921H8.7508V21.8228C3.75441 20.7821 0 16.344 0 11.0267Z"
              fill="#1A1A1A"
            />
          </svg>
        </a>
        <a
          href="/api/facebook"
          onClick={[Function]}
          onMouseEnter={[Function]}
          onTouchStart={[Function]}
        >
          <svg
            fill="none"
            height="22"
            viewBox="0 0 22 22"
            width="22"
            xmlns="http://www.w3.org/2000/svg"
          >
            <path
              d="M0 11.0267C0 4.93684 4.92487 0 11 0C17.0751 0 22 4.93684 22 11.0267C22 16.7478 17.6536 21.4512 12.0904 22C12.1201 21.9948 12.1499 21.9892 12.1796 21.9832V14.1921H15.0394L15.4673 10.8638H12.1796V8.73875C12.1796 7.77507 12.4464 7.11854 13.825 7.11854L15.5831 7.11767V4.1409C15.279 4.10021 14.2355 4.00973 13.0212 4.00973C10.4864 4.00973 8.7508 5.56067 8.7508 8.4093V10.8638H5.88369V14.1921H8.7508V21.8228C3.75441 20.7821 0 16.344 0 11.0267Z"
              fill="#1A1A1A"
            />
          </svg>
        </a>
      </div>
    </div>
  </div>
</footer>
`;
