// Jest Snapshot v1, https://goo.gl/fbAQLP

exports[`renders correctly 1`] = `
<header
  className="container flex flex-col-reverse gap-y-5 justify-center items-center my-10 lg:flex-row lg:gap-x-5 lg:gap-y-0"
>
  <div
    className="flex flex-col gap-y-5"
  >
    <h1
      className="text-black-100 tracking-wide leading-[50px] text-5xl font-medium font-sans lg:h-[88px] lg:w-[500px]"
    >
      landingTitle
    </h1>
    <p
      className="text-base text-black-50 leading-7 tracking-[0.1px] lg:w-[500px] lg:h-[90px]"
    >
      landingDescription
    </p>
    <button
      className="button__ButtonWrapper-sc-1aw98b4-0 button text-white font-medium bg-[#2F7DA9] shadow-none h-[52px] w-[166px] rounded-lg"
      disabled={false}
    >
      Get started
    </button>
  </div>
  <img
    alt="Five people standing together in a farm"
    data-nimg="1"
    decoding="async"
    height={638}
    loading="lazy"
    onError={[Function]}
    onLoad={[Function]}
    src="/_next/image?url=%2Fimg.jpg&w=1920&q=75"
    srcSet="/_next/image?url=%2Fimg.jpg&w=640&q=75 1x, /_next/image?url=%2Fimg.jpg&w=1920&q=75 2x"
    style={
      Object {
        "color": "transparent",
      }
    }
    width={638}
  />
</header>
`;
