// Jest Snapshot v1, https://goo.gl/fbAQLP

exports[`renders correctly 1`] = `
<div
  className="px-3 mb-3 w-full "
>
  <div
    className="input__InputWrapper-sc-1hj52gj-0 hyTiyQ input-wrapper"
  >
    <input
      autoFocus={true}
      className="text-input !bg-white !border-2 !border-[black] rounded-lg shadow-none focus:[&:not(#password)]:!border-[3px] focus:[&:not(#password)]:!border-[black] focus:ring-0"
      id="ea014c25-724c-5b"
      onBlur={[Function]}
      onChange={[Function]}
      onFocus={[Function]}
      pattern={null}
      required={false}
      type="text"
      value=""
    />
  </div>
</div>
`;
