// Jest Snapshot v1, https://goo.gl/fbAQLP

exports[`renders correctly 1`] = `
<nav
  className="bg-primary-200 h-[120px] mb-10"
>
  <div
    className="container flex h-full md:justify-between items-center"
  >
    <div
      className="dropdown__DropdownWrapper-sc-clud83-0 cXRnlz dropdown-wrapper md:hidden place-self-center md:hidden place-self-center"
      id="wrapper-mobile-dropdown"
    >
      <button
        aria-expanded={false}
        className="button__ButtonWrapper-sc-1aw98b4-0 button dropdown-button__DropdownButtonWrapper-sc-188aygt-0 dropdown-toggle arrow-bottom no-style"
        disabled={false}
        id="e088a42c-ef7a-5d"
        onClick={[Function]}
      >
        <svg
          fill="none"
          height="19"
          viewBox="0 0 25 19"
          width="25"
          xmlns="http://www.w3.org/2000/svg"
        >
          <path
            clipRule="evenodd"
            d="M22.955 0.664062H1.67799C-0.348392 0.664062 -0.348392 2.69044 1.67799 2.69044H22.955C24.9813 2.69044 24.9813 0.664062 22.955 0.664062ZM1.67799 8.76958H22.955C24.9813 8.76958 24.9813 10.796 22.955 10.796H1.67799C-0.348392 10.796 -0.348392 8.76958 1.67799 8.76958ZM1.67799 16.8751H22.955C24.9813 16.8751 24.9813 18.9015 22.955 18.9015H1.67799C-0.348392 18.9015 -0.348392 16.8751 1.67799 16.8751Z"
            fill="white"
            fillRule="evenodd"
          />
        </svg>
      </button>
      <ul
        aria-labelledby="e088a42c-ef7a-5d"
        className="dropdown-body__DropdownBodyWrapper-sc-xo3k2p-0 dropdown menu-items-wrapper shadow-[2px_2px_0px_#1A1A1A] border-2 border-[#1A1A1A] rounded-none"
        onClick={[Function]}
        style={
          Object {
            "left": "0",
            "position": "absolute",
            "top": "0",
          }
        }
      >
        <li
          className="menu-item hover:!bg-primary-100 !rounded-none"
        >
          <a
            className=""
            href="/events"
            onClick={[Function]}
            onMouseEnter={[Function]}
            onTouchStart={[Function]}
          >
            allEvents
          </a>
        </li>
        <li
          className="menu-item hover:!bg-primary-100 !rounded-none"
        >
          <a
            className=""
            href="/about"
            onClick={[Function]}
            onMouseEnter={[Function]}
            onTouchStart={[Function]}
          >
            about
          </a>
        </li>
        <li
          className="menu-item hover:!bg-primary-100 !rounded-none"
        >
          <a
            className=""
            href="/#how_it_works"
            onClick={[Function]}
            onMouseEnter={[Function]}
            onTouchStart={[Function]}
          >
            howItWorks
          </a>
        </li>
        <li
          className="menu-item hover:!bg-primary-100 !rounded-none"
        >
          <a
            className=""
            href="/signin"
            onClick={[Function]}
            onMouseEnter={[Function]}
            onTouchStart={[Function]}
          >
            signIn
          </a>
        </li>
        <li
          className="menu-item hover:!bg-primary-100 !rounded-none"
        >
          <a
            className=""
            href="/signup"
            onClick={[Function]}
            onMouseEnter={[Function]}
            onTouchStart={[Function]}
          >
            signUp
          </a>
        </li>
        <div
          className="dropdown__DropdownWrapper-sc-clud83-0 cXRnlz dropdown-wrapper"
          id="wrapper-lang-dropdown"
        >
          <button
            aria-expanded={false}
            className="button__ButtonWrapper-sc-1aw98b4-0 button dropdown-button__DropdownButtonWrapper-sc-188aygt-0 dropdown-toggle items-center gap-1 menu-item hover:!bg-primary-100 !flex !px-4 !py-3 !rounded-none !w-full arrow-bottom no-style"
            disabled={false}
            id="47b38185-4a78-57"
            onClick={[Function]}
          >
            <svg
              fill="none"
              height="28"
              viewBox="0 0 28 28"
              width="28"
              xmlns="http://www.w3.org/2000/svg"
            >
              <path
                clipRule="evenodd"
                d="M14 27.75C21.5939 27.75 27.75 21.5939 27.75 14C27.75 6.40608 21.5939 0.25 14 0.25C6.40608 0.25 0.25 6.40608 0.25 14C0.25 21.5939 6.40608 27.75 14 27.75ZM11.6258 25.2121C9.49226 21.8802 8.30818 18.5222 8.08965 15.1458H2.59824C3.09437 20.1428 6.80075 24.1954 11.6258 25.2121ZM8.08965 12.8542C8.30818 9.47784 9.49226 6.11978 11.6258 2.78795C6.80075 3.80459 3.09437 7.85719 2.59824 12.8542H8.08965ZM19.9104 12.8542C19.6918 9.47784 18.5077 6.11978 16.3742 2.78795C21.1993 3.80459 24.9056 7.85719 25.4018 12.8542H19.9104ZM16.3742 25.2121C18.5077 21.8802 19.6918 18.5222 19.9104 15.1458H25.4018C24.9056 20.1428 21.1993 24.1954 16.3742 25.2121ZM10.3869 12.8542C10.621 9.71035 11.8191 6.54607 14 3.35196C16.1809 6.54607 17.379 9.71035 17.6131 12.8542H10.3869ZM14 24.648C11.8191 21.4539 10.621 18.2896 10.3869 15.1458H17.6131C17.379 18.2896 16.1809 21.4539 14 24.648Z"
                fill="#2e4051"
                fillRule="evenodd"
              />
            </svg>
            EN
          </button>
          <ul
            aria-labelledby="47b38185-4a78-57"
            className="dropdown-body__DropdownBodyWrapper-sc-xo3k2p-0 dropdown menu-items-wrapper shadow-[2px_2px_0px_#1A1A1A] border-2 border-[#1A1A1A] rounded-none"
            onClick={[Function]}
            style={
              Object {
                "left": "0",
                "position": "absolute",
                "top": "0",
              }
            }
          >
            <li
              className="menu-item"
            >
              <a
                href="/"
                onClick={[Function]}
                onMouseEnter={[Function]}
                onTouchStart={[Function]}
              >
                English
              </a>
            </li>
            <li
              className="menu-item"
            >
              <a
                href="/"
                onClick={[Function]}
                onMouseEnter={[Function]}
                onTouchStart={[Function]}
              >
                العربية
              </a>
            </li>
            <li
              aria-hidden={false}
            >
              <span
                className="pointer-arrow"
                style={
                  Object {
                    "position": "absolute",
                  }
                }
              />
            </li>
          </ul>
        </div>
        <li
          aria-hidden={false}
        >
          <span
            className="pointer-arrow"
            style={
              Object {
                "position": "absolute",
              }
            }
          />
        </li>
      </ul>
    </div>
    <a
      className="mr-1 justify-center flex flex-1 md:flex-none"
      href="/"
      onClick={[Function]}
      onMouseEnter={[Function]}
      onTouchStart={[Function]}
    >
      <img
        alt="PebbleWork Logo"
        className="max-h-[32.32px] max-w-[100.75px] md:max-h-full md:max-w-full"
        data-nimg="1"
        decoding="async"
        height={69.13}
        onError={[Function]}
        onLoad={[Function]}
        src="/_next/image?url=%2Fimg.jpg&w=640&q=75"
        srcSet="/_next/image?url=%2Fimg.jpg&w=256&q=75 1x, /_next/image?url=%2Fimg.jpg&w=640&q=75 2x"
        style={
          Object {
            "color": "transparent",
          }
        }
        width={215.44}
      />
    </a>
    <div
      className="flex gap-[10px] !items-center"
    >
      <a
        className="hover:!no-underline"
        href="/signin"
        onClick={[Function]}
        onMouseEnter={[Function]}
        onTouchStart={[Function]}
        role="button"
      >
        <button
          className="button__ButtonWrapper-sc-1aw98b4-0 button hidden md:block w-[113px] h-[52px] !rounded-[8px] !py-[11px] !px-[16px] !bg-white !shadow-[2px_2px_0px_#1A1A1A] !border-2 !border-[#1A1A1A] !border-solid !text-black-100"
          disabled={false}
        >
          signIn
        </button>
      </a>
      <a
        className="hover:!no-underline"
        href="/signup"
        onClick={[Function]}
        onMouseEnter={[Function]}
        onTouchStart={[Function]}
        role="button"
      >
        <button
          className="button__ButtonWrapper-sc-1aw98b4-0 button hidden md:block w-[113px] h-[52px] !rounded-[8px] !py-[11px] !px-[16px] !bg-[#2F7DA9] !text-white !shadow-none !border-none"
          disabled={false}
        >
          signUp
        </button>
      </a>
      <div
        className="dropdown__DropdownWrapper-sc-clud83-0 cXRnlz dropdown-wrapper"
        id="wrapper-lang-dropdown"
      >
        <button
          aria-expanded={false}
          className="button__ButtonWrapper-sc-1aw98b4-0 button dropdown-button__DropdownButtonWrapper-sc-188aygt-0 dropdown-toggle items-center gap-1 hidden md:flex !text-white arrow-bottom no-style"
          disabled={false}
          id="47b38185-4a78-57"
          onClick={[Function]}
        >
          <svg
            fill="none"
            height="28"
            viewBox="0 0 28 28"
            width="28"
            xmlns="http://www.w3.org/2000/svg"
          >
            <path
              clipRule="evenodd"
              d="M14 27.75C21.5939 27.75 27.75 21.5939 27.75 14C27.75 6.40608 21.5939 0.25 14 0.25C6.40608 0.25 0.25 6.40608 0.25 14C0.25 21.5939 6.40608 27.75 14 27.75ZM11.6258 25.2121C9.49226 21.8802 8.30818 18.5222 8.08965 15.1458H2.59824C3.09437 20.1428 6.80075 24.1954 11.6258 25.2121ZM8.08965 12.8542C8.30818 9.47784 9.49226 6.11978 11.6258 2.78795C6.80075 3.80459 3.09437 7.85719 2.59824 12.8542H8.08965ZM19.9104 12.8542C19.6918 9.47784 18.5077 6.11978 16.3742 2.78795C21.1993 3.80459 24.9056 7.85719 25.4018 12.8542H19.9104ZM16.3742 25.2121C18.5077 21.8802 19.6918 18.5222 19.9104 15.1458H25.4018C24.9056 20.1428 21.1993 24.1954 16.3742 25.2121ZM10.3869 12.8542C10.621 9.71035 11.8191 6.54607 14 3.35196C16.1809 6.54607 17.379 9.71035 17.6131 12.8542H10.3869ZM14 24.648C11.8191 21.4539 10.621 18.2896 10.3869 15.1458H17.6131C17.379 18.2896 16.1809 21.4539 14 24.648Z"
              fill="white"
              fillRule="evenodd"
            />
          </svg>
          EN
        </button>
        <ul
          aria-labelledby="47b38185-4a78-57"
          className="dropdown-body__DropdownBodyWrapper-sc-xo3k2p-0 dropdown menu-items-wrapper shadow-[2px_2px_0px_#1A1A1A] border-2 border-[#1A1A1A] rounded-none"
          onClick={[Function]}
          style={
            Object {
              "left": "0",
              "position": "absolute",
              "top": "0",
            }
          }
        >
          <li
            className="menu-item"
          >
            <a
              href="/"
              onClick={[Function]}
              onMouseEnter={[Function]}
              onTouchStart={[Function]}
            >
              English
            </a>
          </li>
          <li
            className="menu-item"
          >
            <a
              href="/"
              onClick={[Function]}
              onMouseEnter={[Function]}
              onTouchStart={[Function]}
            >
              العربية
            </a>
          </li>
          <li
            aria-hidden={false}
          >
            <span
              className="pointer-arrow"
              style={
                Object {
                  "position": "absolute",
                }
              }
            />
          </li>
        </ul>
      </div>
    </div>
  </div>
</nav>
`;
