// Jest Snapshot v1, https://goo.gl/fbAQLP

exports[`renders correctly 1`] = `
<div
  className="w-full lg:w-3/5 flex-grow-1 relative px-4 lg:px-8 order-1"
>
  <div
    className="mx-auto lg:max-w-lg md:max-w-3xl py-4 lg:py-8 flex flex-col"
  >
    <div
      className="flex justify-center lg:justify-start"
    >
      <h3
        className="font-semibold !font-sans mb-8 tracking-tight text-custom-blue lg:text-gray-800 text-3xl order-first"
      >
        signUp
      </h3>
    </div>
    <div
      className="flex flex-col-reverse order-last lg:flex-col lg:order-2"
    >
      <button
        className="button__ButtonWrapper-sc-1aw98b4-0 button w-full h-14 px-6 transition"
        disabled={false}
        onClick={[Function]}
        style={
          Object {
            "backgroundColor": "white",
            "border": "2px solid black",
            "borderRadius": "0.5rem",
            "boxShadow": "2px 2px #1a1a1a",
          }
        }
      >
        <div
          className="relative flex h-full items-center space-x-4 justify-center"
        >
          <img
            alt="TwitterIcon"
            data-nimg="1"
            decoding="async"
            height={35}
            loading="lazy"
            onError={[Function]}
            onLoad={[Function]}
            src="/_next/image?url=%2Fimg.jpg&w=96&q=75"
            srcSet="/_next/image?url=%2Fimg.jpg&w=48&q=75 1x, /_next/image?url=%2Fimg.jpg&w=96&q=75 2x"
            style={
              Object {
                "color": "transparent",
              }
            }
            width={35}
          />
          <span
            className="block w-max font-medium tracking-wide text-gray-900 sm:text-base"
          >
            signWithTwitter
          </span>
        </div>
      </button>
      <button
        className="button__ButtonWrapper-sc-1aw98b4-0 button w-full h-14 px-6 transition"
        disabled={false}
        onClick={[Function]}
        style={
          Object {
            "backgroundColor": "white",
            "border": "2px solid black",
            "borderRadius": "0.5rem",
            "boxShadow": "2px 2px #1a1a1a",
          }
        }
      >
        <div
          className="relative flex h-full items-center space-x-4 justify-center"
        >
          <img
            alt="Google Icon"
            data-nimg="1"
            decoding="async"
            height={45}
            loading="lazy"
            onError={[Function]}
            onLoad={[Function]}
            src="/_next/image?url=%2Fimg.jpg&w=96&q=75"
            srcSet="/_next/image?url=%2Fimg.jpg&w=48&q=75 1x, /_next/image?url=%2Fimg.jpg&w=96&q=75 2x"
            style={
              Object {
                "color": "transparent",
              }
            }
            width={45}
          />
          <span
            className="block w-max font-medium tracking-wide text-gray-900 sm:text-base"
          >
            signWithGoogle
          </span>
        </div>
      </button>
      <div
        className="flex mt-7 order-3 items-center text-center mb-4"
      >
        <hr
          className=" text-gray-400  w-full "
        />
        <label
          className="block font-medium text-sm text-gray-700 ml-6 mr-6"
        >
          or
        </label>
        <hr
          className=" text-gray-400 w-full"
        />
      </div>
    </div>
    <form
      className="-mx-3 order-3"
      onSubmit={[Function]}
    >
      <div
        className="sm:flex flex-row hidden"
      >
        <div
          className="px-3 mb-3 w-full "
        >
          <div
            className="input__InputWrapper-sc-1hj52gj-0 hyTiyQ input-wrapper floating-label"
          >
            <input
              autoFocus={true}
              className="text-input !bg-white !border-2 !border-[black] !rounded-lg !shadow-none focus:[&:not(#password)]:!border-[3px] focus:[&:not(#password)]:!border-[black] focus:ring-0"
              id="name"
              name="name"
              onBlur={[Function]}
              onChange={[Function]}
              onFocus={[Function]}
              pattern={null}
              placeholder="name"
              required={true}
              type="text"
              value=""
            />
            <label
              className="form-label"
              htmlFor="name"
            >
              name
            </label>
          </div>
        </div>
        <div
          className="px-3 mb-3 w-full "
        >
          <div
            className="input__InputWrapper-sc-1hj52gj-0 hyTiyQ input-wrapper floating-label"
          >
            <input
              className="text-input !bg-white !border-2 !border-[black] !rounded-lg !shadow-none focus:[&:not(#password)]:!border-[3px] focus:[&:not(#password)]:!border-[black] focus:ring-0"
              id="surname"
              name="surname"
              onBlur={[Function]}
              onChange={[Function]}
              onFocus={[Function]}
              pattern={null}
              placeholder="surname"
              required={true}
              type="text"
              value=""
            />
            <label
              className="form-label"
              htmlFor="surname"
            >
              surname
            </label>
          </div>
        </div>
      </div>
      <div
        className="px-3 mb-3 w-full "
      >
        <div
          className="input__InputWrapper-sc-1hj52gj-0 hyTiyQ input-wrapper floating-label"
        >
          <input
            className="text-input !bg-white !border-2 !border-[black] !rounded-lg !shadow-none focus:[&:not(#password)]:!border-[3px] focus:[&:not(#password)]:!border-[black] focus:ring-0"
            id="email"
            name="email"
            onBlur={[Function]}
            onChange={[Function]}
            onFocus={[Function]}
            pattern={null}
            placeholder="email"
            required={true}
            type="email"
            value=""
          />
          <label
            className="form-label"
            htmlFor="email"
          >
            email
          </label>
        </div>
      </div>
      <div
        className="px-3 mb-3 w-full "
      >
        <div
          className="input__InputWrapper-sc-1hj52gj-0 hyTiyQ input-wrapper floating-label toggle-password"
        >
          <input
            className="text-input default !bg-white !border-2 !border-[black] !rounded-lg !shadow-none focus:[&:not(#password)]:!border-[3px] focus:[&:not(#password)]:!border-[black] focus:ring-0"
            id="password"
            name="password"
            onBlur={[Function]}
            onChange={[Function]}
            onFocus={[Function]}
            pattern="^(?=.*[A-Z])(?=.*\\\\d)[A-Za-z\\\\d*&$@!%#?^(){}[\\\\]<>|~+=_-]{8,32}$"
            placeholder="password"
            required={true}
            type="password"
            value=""
          />
          <label
            className="form-label"
            htmlFor="password"
          >
            password
          </label>
          <button
            aria-label="Show/Hide password"
            className="show-password-button"
            onClick={[Function]}
            type="button"
          />
        </div>
        <p
          className="italic"
        >
          passwordCriteria
        </p>
      </div>
      <div
        className="pb-3 px-3"
      >
        <p>
          haveAccount
          <a
            href="/signin"
            onClick={[Function]}
            onMouseEnter={[Function]}
            onTouchStart={[Function]}
          >
            <span
              className="text-gray-800 underline"
            >
              signIn
            </span>
          </a>
        </p>
        <button
          className="button__ButtonWrapper-sc-1aw98b4-0 button !rounded-none !text-black-100 !bg-transparent !shadow-none !border-none after:content-[url(\\"/arrow.svg\\")] after:mt-[1px] ltr:after:ml-4 after:absolute rtl:after:rotate-180 rtl:after:mr-4"
          disabled={false}
          hidden={true}
        >
          forgetPassword
        </button>
      </div>
      <button
        className="w-full lg:w-auto bg-primary-200 focus:outline-none text-white font-semibold rounded-lg text-md px-5 py-3 flex gap-x-2 items-center"
      >
        signUp
        <span
          aria-hidden={true}
          className="loading__LoadingWrapper-sc-43dx6p-0 hEsmJL hidden size-sm style-orange spinner"
          size="sm"
        />
      </button>
    </form>
  </div>
</div>
`;
