// Jest Snapshot v1, https://goo.gl/fbAQLP

exports[`renders correctly 1`] = `
<div
  className="w-[33%] flex justify-center lg:py-3 lg:px-3 md:py-2 md:px-2 py-1 px-1 "
>
  <button
    className="button__ButtonWrapper-sc-1aw98b4-0 button  w-full lg:h-18 h-16 px-1 transition bg-white !border-2 !rounded-lg !shadow-[2px_2px_#1A1A1A]"
    disabled={false}
    onClick={[Function]}
    type="button"
  >
    <div
      className="relative flex items-center justify-center "
    >
      <p
        className="block w-max font-semibold text-gray-900 text-xs py-1 "
      />
    </div>
  </button>
</div>
`;
