// Jest Snapshot v1, https://goo.gl/fbAQLP

exports[`renders correctly 1`] = `
<div
  className="lg:w-full md:w-1/2 sm:w-full mb-4 xs:w-full"
>
  <h3
    className=" font-sans text-black-100 lg:text-lg text-md"
  >
    <span
      className="mr-2 inline-block"
    />
    <span
      className="inline-block"
    />
  </h3>
</div>
`;
