// Jest Snapshot v1, https://goo.gl/fbAQLP

exports[`renders correctly 1`] = `
<div
  className="  mx-auto w-1/2 max-w-xl pl-16 lg:py-32 order-1"
>
  <img
    alt="Sitting or a rock"
    className=" mx-auto  mt-16"
    data-nimg="1"
    decoding="async"
    height={40}
    loading="lazy"
    onError={[Function]}
    onLoad={[Function]}
    src="/_next/image?url=%2Fimg.jpg&w=96&q=75"
    srcSet="/_next/image?url=%2Fimg.jpg&w=48&q=75 1x, /_next/image?url=%2Fimg.jpg&w=96&q=75 2x"
    style={
      Object {
        "color": "transparent",
      }
    }
    width={40}
  />
</div>
`;
