// Jest Snapshot v1, https://goo.gl/fbAQLP

exports[`renders correctly 1`] = `
<section
  className="m-16 md:m-36"
  id="tech"
>
  <h5
    className="text-center mb-4"
  >
    techStack
  </h5>
  <h2
    className="mb-2 text-center font-sans text-2xl font-bold md:mb-4 md:text-4xl lg:mb-4 lg:text-4xl"
  >
    techTitle
  </h2>
  <p
    className="text-center"
  >
    React.js/Next.js for coding, TailwindCSS for styyling and Jest for testing
  </p>
</section>
`;
