// Jest Snapshot v1, https://goo.gl/fbAQLP

exports[`renders correctly 1`] = `
<h2
  className="text-2xl font-semibold mb-2 "
/>
`;
